// Jest Snapshot v1, https://goo.gl/fbAQLP

exports[`should render ExpenseListItem with expense 1`] = `
ShallowWrapper {
  "length": 1,
  Symbol(enzyme.__root__): [Circular],
  Symbol(enzyme.__unrendered__): <ExpenseListItem
    amount={2700}
    createdAt={-345600000}
    description="Pizza"
    id="2"
    note=""
/>,
  Symbol(enzyme.__renderer__): Object {
    "batchedUpdates": [Function],
    "getNode": [Function],
    "render": [Function],
    "simulateEvent": [Function],
    "unmount": [Function],
  },
  Symbol(enzyme.__node__): Object {
    "instance": null,
    "key": undefined,
    "nodeType": "host",
    "props": Object {
      "children": Array [
        <h3>
          <Link
                    replace={false}
                    to="/edit/2"
          >
                    Pizza
          </Link>
</h3>,
        <p>
          Amount: 
          $27.00
</p>,
        <p>
          Created At: 
          December 27th, 01969
</p>,
      ],
    },
    "ref": null,
    "rendered": Array [
      Object {
        "instance": null,
        "key": undefined,
        "nodeType": "host",
        "props": Object {
          "children": <Link
            replace={false}
            to="/edit/2"
>
            Pizza
</Link>,
        },
        "ref": null,
        "rendered": Object {
          "instance": null,
          "key": undefined,
          "nodeType": "class",
          "props": Object {
            "children": "Pizza",
            "replace": false,
            "to": "/edit/2",
          },
          "ref": null,
          "rendered": "Pizza",
          "type": [Function],
        },
        "type": "h3",
      },
      Object {
        "instance": null,
        "key": undefined,
        "nodeType": "host",
        "props": Object {
          "children": Array [
            "Amount: ",
            "$27.00",
          ],
        },
        "ref": null,
        "rendered": Array [
          "Amount: ",
          "$27.00",
        ],
        "type": "p",
      },
      Object {
        "instance": null,
        "key": undefined,
        "nodeType": "host",
        "props": Object {
          "children": Array [
            "Created At: ",
            "December 27th, 01969",
          ],
        },
        "ref": null,
        "rendered": Array [
          "Created At: ",
          "December 27th, 01969",
        ],
        "type": "p",
      },
    ],
    "type": "div",
  },
  Symbol(enzyme.__nodes__): Array [
    Object {
      "instance": null,
      "key": undefined,
      "nodeType": "host",
      "props": Object {
        "children": Array [
          <h3>
            <Link
                        replace={false}
                        to="/edit/2"
            >
                        Pizza
            </Link>
</h3>,
          <p>
            Amount: 
            $27.00
</p>,
          <p>
            Created At: 
            December 27th, 01969
</p>,
        ],
      },
      "ref": null,
      "rendered": Array [
        Object {
          "instance": null,
          "key": undefined,
          "nodeType": "host",
          "props": Object {
            "children": <Link
              replace={false}
              to="/edit/2"
>
              Pizza
</Link>,
          },
          "ref": null,
          "rendered": Object {
            "instance": null,
            "key": undefined,
            "nodeType": "class",
            "props": Object {
              "children": "Pizza",
              "replace": false,
              "to": "/edit/2",
            },
            "ref": null,
            "rendered": "Pizza",
            "type": [Function],
          },
          "type": "h3",
        },
        Object {
          "instance": null,
          "key": undefined,
          "nodeType": "host",
          "props": Object {
            "children": Array [
              "Amount: ",
              "$27.00",
            ],
          },
          "ref": null,
          "rendered": Array [
            "Amount: ",
            "$27.00",
          ],
          "type": "p",
        },
        Object {
          "instance": null,
          "key": undefined,
          "nodeType": "host",
          "props": Object {
            "children": Array [
              "Created At: ",
              "December 27th, 01969",
            ],
          },
          "ref": null,
          "rendered": Array [
            "Created At: ",
            "December 27th, 01969",
          ],
          "type": "p",
        },
      ],
      "type": "div",
    },
  ],
  Symbol(enzyme.__options__): Object {
    "adapter": ReactSixteenAdapter {
      "options": Object {
        "enableComponentDidUpdateOnSetState": true,
      },
    },
  },
}
`;
